[2026-07-06T19:36:52+03:00] Ensuring Vagrant VMs are up...
Bringing machine 'kijanikiosk-api' up with 'virtualbox' provider...
Bringing machine 'kijanikiosk-payments' up with 'virtualbox' provider...
Bringing machine 'kijanikiosk-logs' up with 'virtualbox' provider...
==> kijanikiosk-api: Checking if box 'ubuntu/jammy64' version '20241002.0.0' is up to date...
==> kijanikiosk-api: Machine already provisioned. Run `vagrant provision` or use the `--provision`
==> kijanikiosk-api: flag to force provisioning. Provisioners marked to run always will still run.
==> kijanikiosk-payments: Checking if box 'ubuntu/jammy64' version '20241002.0.0' is up to date...
==> kijanikiosk-payments: Machine already provisioned. Run `vagrant provision` or use the `--provision`
==> kijanikiosk-payments: flag to force provisioning. Provisioners marked to run always will still run.
==> kijanikiosk-logs: Checking if box 'ubuntu/jammy64' version '20241002.0.0' is up to date...
==> kijanikiosk-logs: Machine already provisioned. Run `vagrant provision` or use the `--provision`
==> kijanikiosk-logs: flag to force provisioning. Provisioners marked to run always will still run.
[2026-07-06T19:37:03+03:00] Running Terraform apply...

Terraform used the selected providers to generate the following execution
plan. Resource actions are indicated with the following symbols:
  [32m+[0m create[0m

Terraform will perform the following actions:

[1m  # module.app_servers["api"].null_resource.this[0m will be created
[0m  [32m+[0m[0m resource "null_resource" "this" {
      [32m+[0m[0m id       = (known after apply)
      [32m+[0m[0m triggers = {
          [32m+[0m[0m "ip" = "192.168.56.11"
        }
    }

[1m  # module.app_servers["logs"].null_resource.this[0m will be created
[0m  [32m+[0m[0m resource "null_resource" "this" {
      [32m+[0m[0m id       = (known after apply)
      [32m+[0m[0m triggers = {
          [32m+[0m[0m "ip" = "192.168.56.13"
        }
    }

[1m  # module.app_servers["payments"].null_resource.this[0m will be created
[0m  [32m+[0m[0m resource "null_resource" "this" {
      [32m+[0m[0m id       = (known after apply)
      [32m+[0m[0m triggers = {
          [32m+[0m[0m "ip" = "192.168.56.12"
        }
    }

[1mPlan:[0m [0m3 to add, 0 to change, 0 to destroy.

Changes to Outputs:
  [32m+[0m[0m server_ips   = {
      [32m+[0m[0m api      = "192.168.56.11"
      [32m+[0m[0m logs     = "192.168.56.13"
      [32m+[0m[0m payments = "192.168.56.12"
    }
  [32m+[0m[0m ssh_commands = {
      [32m+[0m[0m api      = "ssh -i /home/giovess/kijanikiosk-devops-foundation/.vagrant/machines/kijanikiosk-api/virtualbox/private_key vagrant@192.168.56.11"
      [32m+[0m[0m logs     = "ssh -i /home/giovess/kijanikiosk-devops-foundation/.vagrant/machines/kijanikiosk-logs/virtualbox/private_key vagrant@192.168.56.13"
      [32m+[0m[0m payments = "ssh -i /home/giovess/kijanikiosk-devops-foundation/.vagrant/machines/kijanikiosk-payments/virtualbox/private_key vagrant@192.168.56.12"
    }
[0m[1mmodule.app_servers["api"].null_resource.this: Creating...[0m[0m
[0m[1mmodule.app_servers["payments"].null_resource.this: Creating...[0m[0m
[0m[1mmodule.app_servers["logs"].null_resource.this: Creating...[0m[0m
[0m[1mmodule.app_servers["api"].null_resource.this: Provisioning with 'remote-exec'...[0m[0m
[0m[1mmodule.app_servers["logs"].null_resource.this: Provisioning with 'remote-exec'...[0m[0m
[0m[1mmodule.app_servers["api"].null_resource.this (remote-exec):[0m [0mConnecting to remote host via SSH...
[0m[1mmodule.app_servers["api"].null_resource.this (remote-exec):[0m [0m  Host: 192.168.56.11
[0m[1mmodule.app_servers["api"].null_resource.this (remote-exec):[0m [0m  User: vagrant
[0m[1mmodule.app_servers["api"].null_resource.this (remote-exec):[0m [0m  Password: false
[0m[1mmodule.app_servers["api"].null_resource.this (remote-exec):[0m [0m  Private key: true
[0m[1mmodule.app_servers["api"].null_resource.this (remote-exec):[0m [0m  Certificate: false
[0m[1mmodule.app_servers["api"].null_resource.this (remote-exec):[0m [0m  SSH Agent: true
[0m[1mmodule.app_servers["api"].null_resource.this (remote-exec):[0m [0m  Checking Host Key: false
[0m[1mmodule.app_servers["api"].null_resource.this (remote-exec):[0m [0m  Target Platform: unix
[0m[1mmodule.app_servers["payments"].null_resource.this: Provisioning with 'remote-exec'...[0m[0m
[0m[1mmodule.app_servers["payments"].null_resource.this (remote-exec):[0m [0mConnecting to remote host via SSH...
[0m[1mmodule.app_servers["payments"].null_resource.this (remote-exec):[0m [0m  Host: 192.168.56.12
[0m[1mmodule.app_servers["payments"].null_resource.this (remote-exec):[0m [0m  User: vagrant
[0m[1mmodule.app_servers["payments"].null_resource.this (remote-exec):[0m [0m  Password: false
[0m[1mmodule.app_servers["payments"].null_resource.this (remote-exec):[0m [0m  Private key: true
[0m[1mmodule.app_servers["payments"].null_resource.this (remote-exec):[0m [0m  Certificate: false
[0m[1mmodule.app_servers["payments"].null_resource.this (remote-exec):[0m [0m  SSH Agent: true
[0m[1mmodule.app_servers["payments"].null_resource.this (remote-exec):[0m [0m  Checking Host Key: false
[0m[1mmodule.app_servers["payments"].null_resource.this (remote-exec):[0m [0m  Target Platform: unix
[0m[1mmodule.app_servers["logs"].null_resource.this (remote-exec):[0m [0mConnecting to remote host via SSH...
[0m[1mmodule.app_servers["logs"].null_resource.this (remote-exec):[0m [0m  Host: 192.168.56.13
[0m[1mmodule.app_servers["logs"].null_resource.this (remote-exec):[0m [0m  User: vagrant
[0m[1mmodule.app_servers["logs"].null_resource.this (remote-exec):[0m [0m  Password: false
[0m[1mmodule.app_servers["logs"].null_resource.this (remote-exec):[0m [0m  Private key: true
[0m[1mmodule.app_servers["logs"].null_resource.this (remote-exec):[0m [0m  Certificate: false
[0m[1mmodule.app_servers["logs"].null_resource.this (remote-exec):[0m [0m  SSH Agent: true
[0m[1mmodule.app_servers["logs"].null_resource.this (remote-exec):[0m [0m  Checking Host Key: false
[0m[1mmodule.app_servers["logs"].null_resource.this (remote-exec):[0m [0m  Target Platform: unix
[0m[1mmodule.app_servers["payments"].null_resource.this (remote-exec):[0m [0mConnected!
[0m[1mmodule.app_servers["payments"].null_resource.this (remote-exec):[0m [0mConnected to kijanikiosk-payments (staging)
[0m[1mmodule.app_servers["payments"].null_resource.this (remote-exec):[0m [0mLinux kijanikiosk-payments 5.15.0-181-generic #191-Ubuntu SMP Fri May 22 19:09:02 UTC 2026 x86_64 x86_64 x86_64 GNU/Linux
[0m[1mmodule.app_servers["payments"].null_resource.this: Creation complete after 1s [id=3775822700000356883][0m
[0m[1mmodule.app_servers["api"].null_resource.this (remote-exec):[0m [0mConnected!
[0m[1mmodule.app_servers["api"].null_resource.this (remote-exec):[0m [0mConnected to kijanikiosk-api (staging)
[0m[1mmodule.app_servers["api"].null_resource.this (remote-exec):[0m [0mLinux kijanikiosk-api 5.15.0-181-generic #191-Ubuntu SMP Fri May 22 19:09:02 UTC 2026 x86_64 x86_64 x86_64 GNU/Linux
[0m[1mmodule.app_servers["api"].null_resource.this: Creation complete after 1s [id=671067507417915897][0m
[0m[1mmodule.app_servers["logs"].null_resource.this (remote-exec):[0m [0mConnected!
[0m[1mmodule.app_servers["logs"].null_resource.this (remote-exec):[0m [0mConnected to kijanikiosk-logs (staging)
[0m[1mmodule.app_servers["logs"].null_resource.this (remote-exec):[0m [0mLinux kijanikiosk-logs 5.15.0-181-generic #191-Ubuntu SMP Fri May 22 19:09:02 UTC 2026 x86_64 x86_64 x86_64 GNU/Linux
[0m[1mmodule.app_servers["logs"].null_resource.this: Creation complete after 1s [id=6165620756705148688][0m
[0m[1m[32m
Apply complete! Resources: 3 added, 0 changed, 0 destroyed.[0m
[0m[1m[32m
Outputs:

[0mserver_ips = {
  "api" = "192.168.56.11"
  "logs" = "192.168.56.13"
  "payments" = "192.168.56.12"
}
ssh_commands = {
  "api" = "ssh -i /home/giovess/kijanikiosk-devops-foundation/.vagrant/machines/kijanikiosk-api/virtualbox/private_key vagrant@192.168.56.11"
  "logs" = "ssh -i /home/giovess/kijanikiosk-devops-foundation/.vagrant/machines/kijanikiosk-logs/virtualbox/private_key vagrant@192.168.56.13"
  "payments" = "ssh -i /home/giovess/kijanikiosk-devops-foundation/.vagrant/machines/kijanikiosk-payments/virtualbox/private_key vagrant@192.168.56.12"
}
[2026-07-06T19:37:07+03:00] Extracting server IPs from Terraform output...
[2026-07-06T19:37:07+03:00] Writing inventory.ini...
[2026-07-06T19:37:07+03:00] Running Ansible playbook...

PLAY [Configure KijaniKiosk servers] *******************************************

TASK [Gathering Facts] *********************************************************
ok: [logs-staging]
ok: [payments-staging]
ok: [api-staging]

TASK [Update apt cache] ********************************************************
ok: [logs-staging]
ok: [payments-staging]
ok: [api-staging]

TASK [Install required packages] ***********************************************
ok: [payments-staging]
ok: [api-staging]
ok: [logs-staging]

TASK [Hold nginx at current version] *******************************************
ok: [payments-staging]
ok: [api-staging]
ok: [logs-staging]

TASK [Create kijanikiosk system group] *****************************************
ok: [api-staging]
ok: [logs-staging]
ok: [payments-staging]

TASK [Create service account] **************************************************
ok: [api-staging]
ok: [logs-staging]
ok: [payments-staging]

TASK [Create application directory tree] ***************************************
ok: [logs-staging] => (item={'path': '/opt/kijanikiosk', 'owner': 'root', 'mode': '0750'})
ok: [api-staging] => (item={'path': '/opt/kijanikiosk', 'owner': 'root', 'mode': '0750'})
ok: [payments-staging] => (item={'path': '/opt/kijanikiosk', 'owner': 'root', 'mode': '0750'})
ok: [logs-staging] => (item={'path': '/opt/kijanikiosk/config', 'owner': 'root', 'mode': '0750'})
ok: [payments-staging] => (item={'path': '/opt/kijanikiosk/config', 'owner': 'root', 'mode': '0750'})
ok: [api-staging] => (item={'path': '/opt/kijanikiosk/config', 'owner': 'root', 'mode': '0750'})
ok: [payments-staging] => (item={'path': '/opt/kijanikiosk/shared/logs', 'owner': 'kk-payments', 'mode': '2750'})
ok: [logs-staging] => (item={'path': '/opt/kijanikiosk/shared/logs', 'owner': 'kk-logs', 'mode': '2750'})
ok: [api-staging] => (item={'path': '/opt/kijanikiosk/shared/logs', 'owner': 'kk-api', 'mode': '2750'})
ok: [payments-staging] => (item={'path': '/opt/kijanikiosk/health', 'owner': 'root', 'mode': '0750'})
ok: [logs-staging] => (item={'path': '/opt/kijanikiosk/health', 'owner': 'root', 'mode': '0750'})
ok: [api-staging] => (item={'path': '/opt/kijanikiosk/health', 'owner': 'root', 'mode': '0750'})

TASK [Create service environment file] *****************************************
ok: [api-staging]
ok: [payments-staging]
ok: [logs-staging]

TASK [Deploy systemd unit file] ************************************************
ok: [logs-staging]
ok: [api-staging]
ok: [payments-staging]

TASK [Enable and start service] ************************************************
ok: [logs-staging]
ok: [api-staging]
ok: [payments-staging]

TASK [Set ufw default deny incoming] *******************************************
ok: [api-staging]
ok: [payments-staging]
ok: [logs-staging]

TASK [Set ufw default allow outgoing] ******************************************
ok: [payments-staging]
ok: [api-staging]
ok: [logs-staging]

TASK [Apply host firewall rules] ***********************************************
ok: [payments-staging] => (item={'rule': 'allow', 'port': '22', 'proto': 'tcp', 'comment': 'SSH: remote administration'})
ok: [api-staging] => (item={'rule': 'allow', 'port': '22', 'proto': 'tcp', 'comment': 'SSH: remote administration'})
ok: [logs-staging] => (item={'rule': 'allow', 'port': '22', 'proto': 'tcp', 'comment': 'SSH: remote administration'})
ok: [payments-staging] => (item={'rule': 'allow', 'port': 3001, 'proto': 'tcp', 'interface': 'lo', 'direction': 'in', 'comment': 'kk-payments: loopback only, nginx proxy target'})
ok: [api-staging] => (item={'rule': 'allow', 'port': '80', 'proto': 'tcp', 'comment': 'HTTP: nginx ingress for kk-api reverse proxy'})
ok: [logs-staging] => (item={'rule': 'allow', 'port': 5000, 'proto': 'tcp', 'interface': 'lo', 'direction': 'in', 'comment': 'kk-logs: loopback only'})
ok: [payments-staging] => (item={'rule': 'allow', 'port': 3001, 'proto': 'tcp', 'from_ip': '10.0.1.0/24', 'comment': 'kk-payments: health endpoint, monitoring subnet only'})
ok: [api-staging] => (item={'rule': 'allow', 'port': 3000, 'proto': 'tcp', 'interface': 'lo', 'direction': 'in', 'comment': 'kk-api: loopback only, nginx proxy target'})
ok: [payments-staging] => (item={'rule': 'deny', 'port': 3001, 'proto': 'tcp', 'comment': 'kk-payments: block all external access (internal service port)'})

TASK [Create journald config override directory] *******************************
ok: [payments-staging]
ok: [api-staging]
ok: [logs-staging]

TASK [Create persistent journal directory] *************************************
ok: [api-staging]
ok: [payments-staging]
ok: [logs-staging]

TASK [Deploy journald persistence config] **************************************
ok: [logs-staging]
ok: [api-staging]
ok: [payments-staging]

TASK [Deploy logrotate configuration] ******************************************
ok: [api-staging]
ok: [payments-staging]
ok: [logs-staging]

PLAY RECAP *********************************************************************
api-staging                : ok=17   changed=0    unreachable=0    failed=0    skipped=0    rescued=0    ignored=0   
logs-staging               : ok=17   changed=0    unreachable=0    failed=0    skipped=0    rescued=0    ignored=0   
payments-staging           : ok=17   changed=0    unreachable=0    failed=0    skipped=0    rescued=0    ignored=0   

[2026-07-06T19:37:35+03:00] Pipeline completed successfully.
